Microchip MPLAB XC8 Compiler V2.20

Linker command line:

-W-3 --edf=C:\Program Files\Microchip\xc8\v2.20\pic\dat\en_msgs.txt -cn \
  -h+dist/default/production\VXL.X.production.sym \
  --cmf=dist/default/production\VXL.X.production.cmf -z -Q16F877A \
  -oC:\Users\BDN\AppData\Local\Temp\s25c.2 --defsym=__MPLAB_BUILD=1 \
  -Mdist/default/production/VXL.X.production.map -E1 -ver=XC8 Compiler \
  --acfsm=1493 -ASTACK=0110h-016Fh -pstack=STACK -ACODE=00h-07FFhx4 \
  -ASTRCODE=00h-01FFFh -ASTRING=00h-0FFhx32 -ACONST=00h-0FFhx32 \
  -AENTRY=00h-0FFhx32 -ACOMMON=070h-07Fh -ABANK0=020h-06Fh \
  -ABANK1=0A0h-0EFh -ABANK2=0110h-016Fh -ABANK3=0190h-01EFh \
  -ARAM=020h-06Fh,0A0h-0EFh,0110h-016Fh,0190h-01EFh \
  -AABS1=020h-07Fh,0A0h-0EFh,0110h-016Fh,0190h-01EFh -ASFR0=00h-01Fh \
  -ASFR1=080h-09Fh -ASFR2=0100h-010Fh -ASFR3=0180h-018Fh \
  -ACONFIG=02007h-02007h -DCONFIG=2 -AIDLOC=02000h-02003h -DIDLOC=2 \
  -preset_vec=00h,intentry=04h,init,end_init -ppowerup=CODE -pcinit=CODE \
  -pfunctab=ENTRY -AEEDATA=00h-0FFh/02100h -peeprom_data=EEDATA -DEEDATA=2 \
  -DCODE=2 -DSTRCODE=2 -DSTRING=2 -DCONST=2 -DENTRY=2 -k \
  C:\Users\BDN\AppData\Local\Temp\s25c.o \
  dist/default/production\VXL.X.production.o 

Object code version is 3.11

Machine type is 16F877A



                Name                               Link     Load   Length Selector   Space Scale
C:\Users\BDN\AppData\Local\Temp\s25c.o
                end_init                             10       10        3        8       0
                reset_vec                             0        0        3        0       0
                config                             2007     2007        1        0       4
dist/default/production\VXL.X.production.o
                cinit                                13       13       2B        8       0
                intentry                              4        4        C        8       0
                config                             2007     2007        1        0       4
                text17                              318      318       43        8       0
                text16                              4C1      4C1       18        8       0
                text15                              421      421       27        8       0
                text14                              2D3      2D3       45        8       0
                text13                              46E      46E       1E        8       0
                text12                              1C8      1C8       69        8       0
                text11                              231      231       5B        8       0
                text10                               3E       3E       F2        8       0
                text9                               28C      28C       47        8       0
                text8                               48C      48C       1C        8       0
                text7                               35B      35B       41        8       0
                text6                               3C9      3C9       2D        8       0
                text5                               529      529       11      A2C       0
                text4                               4D9      4D9       17        8       0
                text3                               3F6      3F6       2B        8       0
                text2                               4A8      4A8       19        8       0
                text1                               448      448       26        8       0
                maintext                            130      130       98        8       0
                cstackBANK0                          4D       4D       15       20       1
                cstackCOMMON                         70       70        6       70       1
                inittext                            516      516       13      A2C       0
                dataBANK1                            A0       A0       10       A0       1
                dataBANK0                            20       20       2D       20       1
                bssBANK0                             62       62        5       20       1
                dataCOMMON                           77       77        1       70       1
                bitbssCOMMON                        3B0       76        1       70       1     8
                strings                             500      500       16      A00       0
                idataBANK1                          53A      53A       10      A2C       0
                idataBANK0                          39C      39C       2D        8       0
                idataCOMMON                         54A      54A        1      A2C       0

TOTAL           Name                               Link     Load   Length     Space
        CLASS   STACK          

        CLASS   CODE           
                end_init                             10       10        3         0
                cinit                                13       13       2B         0
                intentry                              4        4        C         0
                reset_vec                             0        0        3         0
                text17                              318      318       43         0
                text16                              4C1      4C1       18         0
                text15                              421      421       27         0
                text14                              2D3      2D3       45         0
                text13                              46E      46E       1E         0
                text12                              1C8      1C8       69         0
                text11                              231      231       5B         0
                text10                               3E       3E       F2         0
                text9                               28C      28C       47         0
                text8                               48C      48C       1C         0
                text7                               35B      35B       41         0
                text6                               3C9      3C9       2D         0
                text5                               529      529       11         0
                text4                               4D9      4D9       17         0
                text3                               3F6      3F6       2B         0
                text2                               4A8      4A8       19         0
                text1                               448      448       26         0
                maintext                            130      130       98         0
                inittext                            516      516       13         0
                idataBANK1                          53A      53A       10         0
                idataBANK0                          39C      39C       2D         0
                idataCOMMON                         54A      54A        1         0

        CLASS   STRCODE        

        CLASS   STRING         
                strings                             500      500       16         0

        CLASS   CONST          

        CLASS   ENTRY          

        CLASS   COMMON         
                cstackCOMMON                         70       70        6         1
                dataCOMMON                           77       77        1         1
                bitbssCOMMON                        3B0       76        1         1

        CLASS   BANK0          
                cstackBANK0                          4D       4D       15         1
                dataBANK0                            20       20       2D         1
                bssBANK0                             62       62        5         1

        CLASS   BANK1          
                dataBANK1                            A0       A0       10         1

        CLASS   BANK2          

        CLASS   BANK3          

        CLASS   RAM            

        CLASS   ABS1           
                abs_s1                               7E       7E        2         1

        CLASS   SFR0           

        CLASS   SFR1           

        CLASS   SFR2           

        CLASS   SFR3           

        CLASS   CONFIG         
                config                             2007     2007        1         4

        CLASS   IDLOC          

        CLASS   EEDATA         



SEGMENTS        Name                           Load    Length   Top    Selector   Space  Class     Delta

                reset_vec                      000000  000003  000003         0       0  CODE        2
                intentry                       000004  0004EC  0004F0         8       0  CODE        2
                dataBANK0                      000020  000047  000067        20       1  BANK0       1
                cstackCOMMON                   000070  000008  000078        70       1  COMMON      1
                dataBANK1                      0000A0  000010  0000B0        A0       1  BANK1       1
                strings                        000500  000016  000516       A00       0  STRING      2
                inittext                       000516  000035  00054B       A2C       0  CODE        2


UNUSED ADDRESS RANGES

        Name                Unused          Largest block    Delta
        BANK0            0067-006F              9           1
        BANK1            00B0-00EF             40           1
        BANK2            0110-016F             60           1
        BANK3            0190-01EF             60           1
        CODE             0003-0003              1           2
                         04F0-04FF             10
                         054B-1FFF            800
        COMMON           0078-007D              6           1
        CONST            0003-0003              1           2
                         04F0-04FF             10
                         054B-1FFF            100
        EEDATA           2100-21FF            100           2
        ENTRY            0003-0003              1           2
                         04F0-04FF             10
                         054B-1FFF            100
        IDLOC            2000-2003              4           2
        RAM              0067-006F              9           1
                         00B0-00EF             40
                         0110-016F             60
                         0190-01EF             60
        SFR0             0000-001F             20           1
        SFR1             0080-009F             20           1
        SFR2             0100-010F             10           1
        SFR3             0180-018F             10           1
        STACK            0110-016F             60           1
        STRCODE          0003-0003              1           2
                         04F0-04FF             10
                         054B-1FFF           1AB5
        STRING           0003-0003              1           2
                         04F0-04FF             10
                         054B-1FFF            100

                                  Symbol Table

?___awdiv                  cstackBANK0  004D
?___awmod                  cstackBANK0  004D
DhtReadData@data           cstackBANK0  0050
DhtReadData@i              cstackBANK0  004F
LcdCmdWrite@cmd            cstackBANK0  004F
LcdDataWrite@data          cstackBANK0  004F
LcdMsgPrint@i              cstackBANK0  0052
LcdMsgPrint@msg            cstackBANK0  0050
_CCP1M2                    (abs)        00BA
_CCP1M3                    (abs)        00BB
_CCP1X                     (abs)        00BD
_CCP1Y                     (abs)        00BC
_CCPR1L                    (abs)        0015
_DhtCheckResponse          text15       0421
_DhtReadData               text14       02D3
_DhtStartSignal            text13       046E
_DhtUpdateData             text10       003E
_GIE                       (abs)        005F
_INTE                      (abs)        005C
_INTEDG                    (abs)        040E
_INTF                      (abs)        0059
_ISR                       text16       04C1
_LcdCmdWrite               text9        028C
_LcdDataWrite              text7        035B
_LcdInit                   text8        048C
_LcdMsgPrint               text6        03C9
_PORTD                     (abs)        0008
_PR2                       (abs)        0092
_RB4                       (abs)        0034
_T2CKPS0                   (abs)        0090
_T2CKPS1                   (abs)        0091
_TMR2ON                    (abs)        0092
_TRISB4                    (abs)        0434
_TRISC2                    (abs)        043A
_TRISD                     (abs)        0088
__Habs1                    abs1         0000
__Hbank0                   bank0        0000
__Hbank1                   bank1        0000
__Hbank2                   bank2        0000
__Hbank3                   bank3        0000
__HbitbssCOMMON            bitbssCOMMON 0000
__HbssBANK0                bssBANK0     0000
__Hcinit                   cinit        003E
__Hclrtext                 clrtext      0000
__Hcode                    code         0000
__Hcommon                  common       0000
__Hconfig                  config       2008
__HcstackBANK0             cstackBANK0  0000
__HcstackCOMMON            cstackCOMMON 0000
__HdataBANK0               dataBANK0    0000
__HdataBANK1               dataBANK1    0000
__HdataCOMMON              dataCOMMON   0000
__Heeprom_data             eeprom_data  0000
__Hend_init                end_init     0013
__Hfunctab                 functab      0000
__HidataBANK0              idataBANK0   0000
__HidataBANK1              idataBANK1   0000
__HidataCOMMON             idataCOMMON  0000
__Hinit                    init         0010
__Hinittext                inittext     0000
__Hintentry                intentry     0010
__Hmaintext                maintext     0000
__Hpowerup                 powerup      0000
__Hram                     ram          0000
__Hreset_vec               reset_vec    0003
__Hsfr0                    sfr0         0000
__Hsfr1                    sfr1         0000
__Hsfr2                    sfr2         0000
__Hsfr3                    sfr3         0000
__Hspace_0                 (abs)        054B
__Hspace_1                 (abs)        03B1
__Hspace_2                 (abs)        0000
__Hspace_3                 (abs)        0000
__Hspace_4                 (abs)        400F
__Hstack                   stack        0000
__Hstrings                 strings      0000
__Htext                    text         0000
__Labs1                    abs1         0000
__Lbank0                   bank0        0000
__Lbank1                   bank1        0000
__Lbank2                   bank2        0000
__Lbank3                   bank3        0000
__LbitbssCOMMON            bitbssCOMMON 0000
__LbssBANK0                bssBANK0     0000
__Lcinit                   cinit        0013
__Lclrtext                 clrtext      0000
__Lcode                    code         0000
__Lcommon                  common       0000
__Lconfig                  config       0000
__LcstackBANK0             cstackBANK0  0000
__LcstackCOMMON            cstackCOMMON 0000
__LdataBANK0               dataBANK0    0000
__LdataBANK1               dataBANK1    0000
__LdataCOMMON              dataCOMMON   0000
__Leeprom_data             eeprom_data  0000
__Lend_init                end_init     0010
__Lfunctab                 functab      0000
__LidataBANK0              idataBANK0   0000
__LidataBANK1              idataBANK1   0000
__LidataCOMMON             idataCOMMON  0000
__Linit                    init         0010
__Linittext                inittext     0000
__Lintentry                intentry     0004
__Lmaintext                maintext     0000
__Lpowerup                 powerup      0000
__Lram                     ram          0000
__Lreset_vec               reset_vec    0000
__Lsfr0                    sfr0         0000
__Lsfr1                    sfr1         0000
__Lsfr2                    sfr2         0000
__Lsfr3                    sfr3         0000
__Lspace_0                 (abs)        0000
__Lspace_1                 (abs)        0000
__Lspace_2                 (abs)        0000
__Lspace_3                 (abs)        0000
__Lspace_4                 (abs)        0000
__Lstack                   stack        0000
__Lstrings                 strings      0000
__Ltext                    text         0000
__S0                       (abs)        054B
__S1                       (abs)        00B0
__S2                       (abs)        0000
__S3                       (abs)        0000
___awdiv                   text12       01C8
___awdiv@counter           cstackBANK0  0051
___awdiv@dividend          cstackBANK0  004F
___awdiv@divisor           cstackBANK0  004D
___awdiv@quotient          cstackBANK0  0053
___awdiv@sign              cstackBANK0  0052
___awmod                   text11       0231
___awmod@counter           cstackBANK0  0051
___awmod@dividend          cstackBANK0  004F
___awmod@divisor           cstackBANK0  004D
___awmod@sign              cstackBANK0  0052
___bmul                    text4        04D9
___bmul@multiplicand       cstackBANK0  0051
___bmul@multiplier         cstackBANK0  0053
___bmul@product            cstackBANK0  0052
___int_sp                  stack        0000
___latbits                 (abs)        0002
___lbdiv                   text3        03F6
___lbdiv@counter           cstackBANK0  004F
___lbdiv@dividend          cstackBANK0  004E
___lbdiv@divisor           cstackBANK0  004D
___lbdiv@quotient          cstackBANK0  0050
___sp                      stack        0000
___stackhi                 (abs)        0000
___stacklo                 (abs)        0000
__end_of_DhtCheckResponse  text15       0448
__end_of_DhtReadData       text14       0318
__end_of_DhtStartSignal    text13       048C
__end_of_DhtUpdateData     text10       0130
__end_of_ISR               text16       04D9
__end_of_LcdCmdWrite       text9        02D3
__end_of_LcdDataWrite      text7        039C
__end_of_LcdInit           text8        04A8
__end_of_LcdMsgPrint       text6        03F6
__end_of___awdiv           text12       0231
__end_of___awmod           text11       028C
__end_of___bmul            text4        04F0
__end_of___lbdiv           text3        0421
__end_of__initialization   cinit        003A
__end_of__stringtab        strings      0510
__end_of_configPWM         text5        053A
__end_of_main              maintext     01C8
__end_of_setPWM            text2        04C1
__end_of_setPumpValue      text1        046E
__end_ofi1_LcdCmdWrite     text17       035B
__initialization           cinit        0013
__pbitbssCOMMON            bitbssCOMMON 03B0
__pbssBANK0                bssBANK0     0062
__pcstackBANK0             cstackBANK0  004D
__pcstackCOMMON            cstackCOMMON 0070
__pdataBANK0               dataBANK0    0020
__pdataBANK1               dataBANK1    00A0
__pdataCOMMON              dataCOMMON   0077
__pidataBANK0              idataBANK0   039C
__pidataBANK1              idataBANK1   053A
__pidataCOMMON             idataCOMMON  054A
__pintentry                intentry     0004
__pmaintext                maintext     0130
__pstrings                 strings      0500
__ptext1                   text1        0448
__ptext10                  text10       003E
__ptext11                  text11       0231
__ptext12                  text12       01C8
__ptext13                  text13       046E
__ptext14                  text14       02D3
__ptext15                  text15       0421
__ptext16                  text16       04C1
__ptext17                  text17       0318
__ptext2                   text2        04A8
__ptext3                   text3        03F6
__ptext4                   text4        04D9
__ptext5                   text5        0529
__ptext6                   text6        03C9
__ptext7                   text7        035B
__ptext8                   text8        048C
__ptext9                   text9        028C
__size_of_DhtCheckResponse (abs)        0000
__size_of_DhtReadData      (abs)        0000
__size_of_DhtStartSignal   (abs)        0000
__size_of_DhtUpdateData    (abs)        0000
__size_of_ISR              (abs)        0000
__size_of_LcdCmdWrite      (abs)        0000
__size_of_LcdDataWrite     (abs)        0000
__size_of_LcdInit          (abs)        0000
__size_of_LcdMsgPrint      (abs)        0000
__size_of___awdiv          (abs)        0000
__size_of___awmod          (abs)        0000
__size_of___bmul           (abs)        0000
__size_of___lbdiv          (abs)        0000
__size_of_configPWM        (abs)        0000
__size_of_main             (abs)        0000
__size_of_setPWM           (abs)        0000
__size_of_setPumpValue     (abs)        0000
__size_ofi1_LcdCmdWrite    (abs)        0000
__stringbase               strings      050F
__stringtab                strings      0500
_check_sum                 bssBANK0     0062
_configPWM                 text5        0529
_humi                      dataBANK0    0031
_idea_humi                 dataBANK1    00A0
_idea_temp                 dataBANK0    0021
_main                      maintext     0130
_rh_byte1                  bssBANK0     0064
_rh_byte2                  bssBANK0     0063
_setPWM                    text2        04A8
_setPumpValue              text1        0448
_status                    bitbssCOMMON 03B0
_t_byte1                   bssBANK0     0066
_t_byte2                   bssBANK0     0065
_temp                      dataBANK0    003F
btemp                      (abs)        007E
end_of_initialization      cinit        003A
i1LcdCmdWrite@cmd          cstackCOMMON 0072
i1_LcdCmdWrite             text17       0318
init_fetch0                inittext     0516
init_ram0                  inittext     051A
interrupt_function         intentry     0004
intlevel0                  functab      0000
intlevel1                  functab      0000
intlevel2                  functab      0000
intlevel3                  functab      0000
intlevel4                  functab      0000
intlevel5                  functab      0000
reset_vec                  reset_vec    0000
saved_w                    (abs)        007E
setPWM@DC                  cstackBANK0  004E
setPumpValue@delta         cstackBANK0  0056
setPumpValue@id_rh         cstackBANK0  0054
setPumpValue@r_rh          cstackBANK0  0055
start                      init         0010
start_initialization       cinit        0013
wtemp0                     (abs)        007E


FUNCTION INFORMATION:

 *************** function _main *****************
 Defined at:
		line 31 in file "main.c"
 Parameters:    Size  Location     Type
		None
 Auto vars:     Size  Location     Type
		None
 Return value:  Size  Location     Type
                  1    wreg      void 
 Registers used:
		wreg, fsr0l, fsr0h, status,2, status,0, btemp+1, pclath, cstack
 Tracked objects:
		On entry : 
		On exit  : 
		Unchanged: 
 Data sizes:     COMMON   BANK0   BANK1   BANK3   BANK2
      Params:         0       0       0       0       0
      Locals:         0       0       0       0       0
      Temps:          0       3       0       0       0
      Totals:         0       3       0       0       0
Total ram usage:        3 bytes
 Hardware stack levels required when called:    4
 This function calls:
		_DhtUpdateData
		_LcdCmdWrite
		_LcdInit
		_LcdMsgPrint
		_configPWM
		_setPumpValue
 This function is called by:
		Startup code after reset
 This function uses a non-reentrant model


 *************** function _setPumpValue *****************
 Defined at:
		line 88 in file "main.c"
 Parameters:    Size  Location     Type
  r_rh            1    wreg     unsigned char 
  id_rh           1    7[BANK0 ] unsigned char 
 Auto vars:     Size  Location     Type
  r_rh            1    8[BANK0 ] unsigned char 
  delta           1    9[BANK0 ] unsigned char 
 Return value:  Size  Location     Type
                  1    wreg      void 
 Registers used:
		wreg, status,2, status,0, btemp+1, pclath, cstack
 Tracked objects:
		On entry : 
		On exit  : 
		Unchanged: 
 Data sizes:     COMMON   BANK0   BANK1   BANK3   BANK2
      Params:         0       1       0       0       0
      Locals:         0       2       0       0       0
      Temps:          0       0       0       0       0
      Totals:         0       3       0       0       0
Total ram usage:        3 bytes
 Hardware stack levels used:    1
 Hardware stack levels required when called:    3
 This function calls:
		___bmul
		___lbdiv
		_setPWM
 This function is called by:
		_main
 This function uses a non-reentrant model


 *************** function _setPWM *****************
 Defined at:
		line 29 in file "./pwm.h"
 Parameters:    Size  Location     Type
  DC              1    wreg     unsigned char 
 Auto vars:     Size  Location     Type
  DC              1    1[BANK0 ] unsigned char 
 Return value:  Size  Location     Type
                  1    wreg      void 
 Registers used:
		wreg, status,2, status,0
 Tracked objects:
		On entry : 
		On exit  : 
		Unchanged: 
 Data sizes:     COMMON   BANK0   BANK1   BANK3   BANK2
      Params:         0       0       0       0       0
      Locals:         0       1       0       0       0
      Temps:          0       1       0       0       0
      Totals:         0       2       0       0       0
Total ram usage:        2 bytes
 Hardware stack levels used:    1
 Hardware stack levels required when called:    2
 This function calls:
		Nothing
 This function is called by:
		_setPumpValue
 This function uses a non-reentrant model


 *************** function ___lbdiv *****************
 Defined at:
		line 4 in file "C:\Program Files\Microchip\xc8\v2.20\pic\sources\c90\common\lbdiv.c"
 Parameters:    Size  Location     Type
  dividend        1    wreg     unsigned char 
  divisor         1    0[BANK0 ] unsigned char 
 Auto vars:     Size  Location     Type
  dividend        1    1[BANK0 ] unsigned char 
  quotient        1    3[BANK0 ] unsigned char 
  counter         1    2[BANK0 ] unsigned char 
 Return value:  Size  Location     Type
                  1    wreg      unsigned char 
 Registers used:
		wreg, status,2, status,0, btemp+1
 Tracked objects:
		On entry : 
		On exit  : 
		Unchanged: 
 Data sizes:     COMMON   BANK0   BANK1   BANK3   BANK2
      Params:         0       1       0       0       0
      Locals:         0       3       0       0       0
      Temps:          0       0       0       0       0
      Totals:         0       4       0       0       0
Total ram usage:        4 bytes
 Hardware stack levels used:    1
 Hardware stack levels required when called:    2
 This function calls:
		Nothing
 This function is called by:
		_setPumpValue
 This function uses a non-reentrant model


 *************** function ___bmul *****************
 Defined at:
		line 4 in file "C:\Program Files\Microchip\xc8\v2.20\pic\sources\c90\common\Umul8.c"
 Parameters:    Size  Location     Type
  multiplier      1    wreg     unsigned char 
  multiplicand    1    4[BANK0 ] unsigned char 
 Auto vars:     Size  Location     Type
  multiplier      1    6[BANK0 ] unsigned char 
  product         1    5[BANK0 ] unsigned char 
 Return value:  Size  Location     Type
                  1    wreg      unsigned char 
 Registers used:
		wreg, status,2, status,0, btemp+1
 Tracked objects:
		On entry : 
		On exit  : 
		Unchanged: 
 Data sizes:     COMMON   BANK0   BANK1   BANK3   BANK2
      Params:         0       1       0       0       0
      Locals:         0       2       0       0       0
      Temps:          0       0       0       0       0
      Totals:         0       3       0       0       0
Total ram usage:        3 bytes
 Hardware stack levels used:    1
 Hardware stack levels required when called:    2
 This function calls:
		Nothing
 This function is called by:
		_setPumpValue
 This function uses a non-reentrant model


 *************** function _configPWM *****************
 Defined at:
		line 10 in file "./pwm.h"
 Parameters:    Size  Location     Type
		None
 Auto vars:     Size  Location     Type
		None
 Return value:  Size  Location     Type
                  1    wreg      void 
 Registers used:
		wreg
 Tracked objects:
		On entry : 
		On exit  : 
		Unchanged: 
 Data sizes:     COMMON   BANK0   BANK1   BANK3   BANK2
      Params:         0       0       0       0       0
      Locals:         0       0       0       0       0
      Temps:          0       0       0       0       0
      Totals:         0       0       0       0       0
Total ram usage:        0 bytes
 Hardware stack levels used:    1
 Hardware stack levels required when called:    2
 This function calls:
		Nothing
 This function is called by:
		_main
 This function uses a non-reentrant model


 *************** function _LcdMsgPrint *****************
 Defined at:
		line 79 in file "./lcd.h"
 Parameters:    Size  Location     Type
  msg             2    3[BANK0 ] PTR unsigned char 
		 -> idea_humi(16), idea_temp(16), STR_1(6), humi(14), 
		 -> temp(14), 
 Auto vars:     Size  Location     Type
  i               1    5[BANK0 ] unsigned char 
 Return value:  Size  Location     Type
                  1    wreg      void 
 Registers used:
		wreg, fsr0l, fsr0h, status,2, status,0, btemp+1, pclath, cstack
 Tracked objects:
		On entry : 
		On exit  : 
		Unchanged: 
 Data sizes:     COMMON   BANK0   BANK1   BANK3   BANK2
      Params:         0       2       0       0       0
      Locals:         0       1       0       0       0
      Temps:          0       0       0       0       0
      Totals:         0       3       0       0       0
Total ram usage:        3 bytes
 Hardware stack levels used:    1
 Hardware stack levels required when called:    3
 This function calls:
		_LcdDataWrite
 This function is called by:
		_main
 This function uses a non-reentrant model


 *************** function _LcdDataWrite *****************
 Defined at:
		line 61 in file "./lcd.h"
 Parameters:    Size  Location     Type
  data            1    wreg     unsigned char 
 Auto vars:     Size  Location     Type
  data            1    2[BANK0 ] unsigned char 
 Return value:  Size  Location     Type
                  1    wreg      void 
 Registers used:
		wreg, status,2, status,0, btemp+1
 Tracked objects:
		On entry : 
		On exit  : 
		Unchanged: 
 Data sizes:     COMMON   BANK0   BANK1   BANK3   BANK2
      Params:         0       0       0       0       0
      Locals:         0       1       0       0       0
      Temps:          0       2       0       0       0
      Totals:         0       3       0       0       0
Total ram usage:        3 bytes
 Hardware stack levels used:    1
 Hardware stack levels required when called:    2
 This function calls:
		Nothing
 This function is called by:
		_LcdMsgPrint
 This function uses a non-reentrant model


 *************** function _LcdInit *****************
 Defined at:
		line 50 in file "./lcd.h"
 Parameters:    Size  Location     Type
		None
 Auto vars:     Size  Location     Type
		None
 Return value:  Size  Location     Type
                  1    wreg      void 
 Registers used:
		wreg, status,2, status,0, btemp+1, pclath, cstack
 Tracked objects:
		On entry : 
		On exit  : 
		Unchanged: 
 Data sizes:     COMMON   BANK0   BANK1   BANK3   BANK2
      Params:         0       0       0       0       0
      Locals:         0       0       0       0       0
      Temps:          0       0       0       0       0
      Totals:         0       0       0       0       0
Total ram usage:        0 bytes
 Hardware stack levels used:    1
 Hardware stack levels required when called:    3
 This function calls:
		_LcdCmdWrite
 This function is called by:
		_main
 This function uses a non-reentrant model


 *************** function _LcdCmdWrite *****************
 Defined at:
		line 32 in file "./lcd.h"
 Parameters:    Size  Location     Type
  cmd             1    wreg     unsigned char 
 Auto vars:     Size  Location     Type
  cmd             1    2[BANK0 ] unsigned char 
 Return value:  Size  Location     Type
                  1    wreg      void 
 Registers used:
		wreg, status,2, status,0, btemp+1
 Tracked objects:
		On entry : 
		On exit  : 
		Unchanged: 
 Data sizes:     COMMON   BANK0   BANK1   BANK3   BANK2
      Params:         0       0       0       0       0
      Locals:         0       1       0       0       0
      Temps:          0       2       0       0       0
      Totals:         0       3       0       0       0
Total ram usage:        3 bytes
 Hardware stack levels used:    1
 Hardware stack levels required when called:    2
 This function calls:
		Nothing
 This function is called by:
		_LcdInit
		_main
 This function uses a non-reentrant model


 *************** function _DhtUpdateData *****************
 Defined at:
		line 61 in file "./dht11.h"
 Parameters:    Size  Location     Type
		None
 Auto vars:     Size  Location     Type
		None
 Return value:  Size  Location     Type
		None               void
 Registers used:
		wreg, status,2, status,0, btemp+1, pclath, cstack
 Tracked objects:
		On entry : 
		On exit  : 
		Unchanged: 
 Data sizes:     COMMON   BANK0   BANK1   BANK3   BANK2
      Params:         0       0       0       0       0
      Locals:         0       0       0       0       0
      Temps:          0      10       0       0       0
      Totals:         0      10       0       0       0
Total ram usage:       10 bytes
 Hardware stack levels used:    1
 Hardware stack levels required when called:    3
 This function calls:
		_DhtCheckResponse
		_DhtReadData
		_DhtStartSignal
		___awdiv
		___awmod
 This function is called by:
		_main
 This function uses a non-reentrant model


 *************** function ___awmod *****************
 Defined at:
		line 5 in file "C:\Program Files\Microchip\xc8\v2.20\pic\sources\c90\common\awmod.c"
 Parameters:    Size  Location     Type
  divisor         2    0[BANK0 ] int 
  dividend        2    2[BANK0 ] int 
 Auto vars:     Size  Location     Type
  sign            1    5[BANK0 ] unsigned char 
  counter         1    4[BANK0 ] unsigned char 
 Return value:  Size  Location     Type
                  2    0[BANK0 ] int 
 Registers used:
		wreg, status,2, status,0, btemp+1
 Tracked objects:
		On entry : 
		On exit  : 
		Unchanged: 
 Data sizes:     COMMON   BANK0   BANK1   BANK3   BANK2
      Params:         0       4       0       0       0
      Locals:         0       2       0       0       0
      Temps:          0       0       0       0       0
      Totals:         0       6       0       0       0
Total ram usage:        6 bytes
 Hardware stack levels used:    1
 Hardware stack levels required when called:    2
 This function calls:
		Nothing
 This function is called by:
		_DhtUpdateData
 This function uses a non-reentrant model


 *************** function ___awdiv *****************
 Defined at:
		line 5 in file "C:\Program Files\Microchip\xc8\v2.20\pic\sources\c90\common\awdiv.c"
 Parameters:    Size  Location     Type
  divisor         2    0[BANK0 ] int 
  dividend        2    2[BANK0 ] int 
 Auto vars:     Size  Location     Type
  quotient        2    6[BANK0 ] int 
  sign            1    5[BANK0 ] unsigned char 
  counter         1    4[BANK0 ] unsigned char 
 Return value:  Size  Location     Type
                  2    0[BANK0 ] int 
 Registers used:
		wreg, status,2, status,0, btemp+1
 Tracked objects:
		On entry : 
		On exit  : 
		Unchanged: 
 Data sizes:     COMMON   BANK0   BANK1   BANK3   BANK2
      Params:         0       4       0       0       0
      Locals:         0       4       0       0       0
      Temps:          0       0       0       0       0
      Totals:         0       8       0       0       0
Total ram usage:        8 bytes
 Hardware stack levels used:    1
 Hardware stack levels required when called:    2
 This function calls:
		Nothing
 This function is called by:
		_DhtUpdateData
 This function uses a non-reentrant model


 *************** function _DhtStartSignal *****************
 Defined at:
		line 24 in file "./dht11.h"
 Parameters:    Size  Location     Type
		None
 Auto vars:     Size  Location     Type
		None
 Return value:  Size  Location     Type
                  1    wreg      void 
 Registers used:
		wreg
 Tracked objects:
		On entry : 
		On exit  : 
		Unchanged: 
 Data sizes:     COMMON   BANK0   BANK1   BANK3   BANK2
      Params:         0       0       0       0       0
      Locals:         0       0       0       0       0
      Temps:          0       2       0       0       0
      Totals:         0       2       0       0       0
Total ram usage:        2 bytes
 Hardware stack levels used:    1
 Hardware stack levels required when called:    2
 This function calls:
		Nothing
 This function is called by:
		_DhtUpdateData
 This function uses a non-reentrant model


 *************** function _DhtReadData *****************
 Defined at:
		line 44 in file "./dht11.h"
 Parameters:    Size  Location     Type
		None
 Auto vars:     Size  Location     Type
  data            1    3[BANK0 ] unsigned char 
  i               1    2[BANK0 ] unsigned char 
 Return value:  Size  Location     Type
                  1    wreg      unsigned char 
 Registers used:
		wreg, status,2, status,0, btemp+1
 Tracked objects:
		On entry : 
		On exit  : 
		Unchanged: 
 Data sizes:     COMMON   BANK0   BANK1   BANK3   BANK2
      Params:         0       0       0       0       0
      Locals:         0       2       0       0       0
      Temps:          0       2       0       0       0
      Totals:         0       4       0       0       0
Total ram usage:        4 bytes
 Hardware stack levels used:    1
 Hardware stack levels required when called:    2
 This function calls:
		Nothing
 This function is called by:
		_DhtUpdateData
 This function uses a non-reentrant model


 *************** function _DhtCheckResponse *****************
 Defined at:
		line 36 in file "./dht11.h"
 Parameters:    Size  Location     Type
		None
 Auto vars:     Size  Location     Type
		None
 Return value:  Size  Location     Type
                  1    wreg      void 
 Registers used:
		wreg, status,0
 Tracked objects:
		On entry : 
		On exit  : 
		Unchanged: 
 Data sizes:     COMMON   BANK0   BANK1   BANK3   BANK2
      Params:         0       0       0       0       0
      Locals:         0       0       0       0       0
      Temps:          0       2       0       0       0
      Totals:         0       2       0       0       0
Total ram usage:        2 bytes
 Hardware stack levels used:    1
 Hardware stack levels required when called:    2
 This function calls:
		Nothing
 This function is called by:
		_DhtUpdateData
 This function uses a non-reentrant model


 *************** function _ISR *****************
 Defined at:
		line 77 in file "main.c"
 Parameters:    Size  Location     Type
		None
 Auto vars:     Size  Location     Type
		None
 Return value:  Size  Location     Type
                  1    wreg      void 
 Registers used:
		wreg, status,2, status,0, btemp+1, pclath, cstack
 Tracked objects:
		On entry : 
		On exit  : 
		Unchanged: 
 Data sizes:     COMMON   BANK0   BANK1   BANK3   BANK2
      Params:         0       0       0       0       0
      Locals:         0       0       0       0       0
      Temps:          3       0       0       0       0
      Totals:         3       0       0       0       0
Total ram usage:        3 bytes
 Hardware stack levels used:    1
 Hardware stack levels required when called:    1
 This function calls:
		i1_LcdCmdWrite
 This function is called by:
		Interrupt level 1
 This function uses a non-reentrant model


 *************** function i1_LcdCmdWrite *****************
 Defined at:
		line 32 in file "./lcd.h"
 Parameters:    Size  Location     Type
  cmd             1    wreg     unsigned char 
 Auto vars:     Size  Location     Type
  cmd             1    2[COMMON] unsigned char 
 Return value:  Size  Location     Type
                  1    wreg      void 
 Registers used:
		wreg, status,2, status,0, btemp+1
 Tracked objects:
		On entry : 
		On exit  : 
		Unchanged: 
 Data sizes:     COMMON   BANK0   BANK1   BANK3   BANK2
      Params:         0       0       0       0       0
      Locals:         1       0       0       0       0
      Temps:          2       0       0       0       0
      Totals:         3       0       0       0       0
Total ram usage:        3 bytes
 Hardware stack levels used:    1
 This function calls:
		Nothing
 This function is called by:
		_ISR
 This function uses a non-reentrant model



MODULE INFORMATION

Module		Function		Class		Link	Load	Size
./lcd.h
		_LcdCmdWrite   		CODE           	028C	0000	72
		_LcdMsgPrint   		CODE           	03C9	0000	46
		_LcdInit       		CODE           	048C	0000	29
		_LcdDataWrite  		CODE           	035B	0000	66

./lcd.h estimated size: 213

C:\Program Files\Microchip\xc8\v2.20\pic\sources\c90\common\lbdiv.c
		___lbdiv       		CODE           	03F6	0000	44

C:\Program Files\Microchip\xc8\v2.20\pic\sources\c90\common\lbdiv.c estimated size: 44

./dht11.h
		_DhtStartSignal		CODE           	046E	0000	31
		_DhtReadData   		CODE           	02D3	0000	70
		_DhtCheckResponse		CODE           	0421	0000	40
		_DhtUpdateData 		CODE           	003E	0000	243

./dht11.h estimated size: 384

C:\Program Files\Microchip\xc8\v2.20\pic\sources\c90\common\awmod.c
		___awmod       		CODE           	0231	0000	92

C:\Program Files\Microchip\xc8\v2.20\pic\sources\c90\common\awmod.c estimated size: 92

shared
		__stringtab    		STRING         	0500	0000	17
		__initialization		CODE           	0013	0000	40
		i1_LcdCmdWrite 		CODE           	0318	0000	68

shared estimated size: 125

C:\Program Files\Microchip\xc8\v2.20\pic\sources\c90\common\Umul8.c
		___bmul        		CODE           	04D9	0000	24

C:\Program Files\Microchip\xc8\v2.20\pic\sources\c90\common\Umul8.c estimated size: 24

main.c
		_setPumpValue  		CODE           	0448	0000	39
		_ISR           		CODE           	04C1	0000	25
		_main          		CODE           	0130	0000	153

main.c estimated size: 217

./pwm.h
		_configPWM     		CODE           	0529	0000	18
		_setPWM        		CODE           	04A8	0000	26

./pwm.h estimated size: 44

C:\Program Files\Microchip\xc8\v2.20\pic\sources\c90\common\awdiv.c
		___awdiv       		CODE           	01C8	0000	106

C:\Program Files\Microchip\xc8\v2.20\pic\sources\c90\common\awdiv.c estimated size: 106

