Microchip MPLAB XC8 Compiler V2.20

Linker command line:

-W-3 --edf=C:\Program Files\Microchip\xc8\v2.20\pic\dat\en_msgs.txt -cn \
  -h+dist/default/production\VXL.X.production.sym \
  --cmf=dist/default/production\VXL.X.production.cmf -z -Q16F877A \
  -oC:\Users\Nam\AppData\Local\Temp\s830.2 --defsym=__MPLAB_BUILD=1 \
  -Mdist/default/production/VXL.X.production.map -E1 -ver=XC8 Compiler \
  --acfsm=1493 -ASTACK=0110h-016Fh -pstack=STACK -ACODE=00h-07FFhx4 \
  -ASTRCODE=00h-01FFFh -ASTRING=00h-0FFhx32 -ACONST=00h-0FFhx32 \
  -AENTRY=00h-0FFhx32 -ACOMMON=070h-07Fh -ABANK0=020h-06Fh \
  -ABANK1=0A0h-0EFh -ABANK2=0110h-016Fh -ABANK3=0190h-01EFh \
  -ARAM=020h-06Fh,0A0h-0EFh,0110h-016Fh,0190h-01EFh \
  -AABS1=020h-07Fh,0A0h-0EFh,0110h-016Fh,0190h-01EFh -ASFR0=00h-01Fh \
  -ASFR1=080h-09Fh -ASFR2=0100h-010Fh -ASFR3=0180h-018Fh \
  -ACONFIG=02007h-02007h -DCONFIG=2 -AIDLOC=02000h-02003h -DIDLOC=2 \
  -preset_vec=00h,intentry=04h,init,end_init -ppowerup=CODE -pcinit=CODE \
  -pfunctab=ENTRY -AEEDATA=00h-0FFh/02100h -peeprom_data=EEDATA -DEEDATA=2 \
  -DCODE=2 -DSTRCODE=2 -DSTRING=2 -DCONST=2 -DENTRY=2 -k \
  C:\Users\Nam\AppData\Local\Temp\s830.o \
  dist/default/production\VXL.X.production.o 

Object code version is 3.11

Machine type is 16F877A



                Name                               Link     Load   Length Selector   Space Scale
C:\Users\Nam\AppData\Local\Temp\s830.o
                end_init                             10       10        3        8       0
                reset_vec                             0        0        3        0       0
                config                             2007     2007        1        0       4
dist/default/production\VXL.X.production.o
                cinit                                13       13       2B        8       0
                intentry                              4        4        C        8       0
                config                             2007     2007        1        0       4
                text21                              409      409       59        8       0
                text20                              5D5      5D5       24        8       0
                text19                              6EE      6EE        9      C46       0
                text18                              28E      28E       64        8       0
                text17                              5AE      5AE       27        8       0
                text16                              500      500       45        8       0
                text15                              643      643       1E      C46       0
                text14                              225      225       69        8       0
                text13                              355      355       5B        8       0
                text12                              133      133       F2        8       0
                text11                              623      623       20      C46       0
                text10                              661      661       1C      C46       0
                text9                               6E1      6E1        D      C46       0
                text8                               2F2      2F2       63        8       0
                text7                               4BA      4BA       46        8       0
                text6                               462      462       58        8       0
                text5                               3B0      3B0       59        8       0
                text4                               6C0      6C0       11      C46       0
                text3                               696      696       17      C46       0
                text2                               67D      67D       19      C46       0
                text1                               545      545       3C        8       0
                maintext                             3E       3E       F5        8       0
                cstackBANK0                          4D       4D       1B       20       1
                cstackCOMMON                         70       70        9       70       1
                inittext                            6AD      6AD       13      C46       0
                dataBANK1                            A0       A0       10       A0       1
                dataBANK0                            20       20       2D       20       1
                bssBANK0                             68       68        6       20       1
                dataCOMMON                           79       79        1       70       1
                strings                             600      600       23      C00       0
                idataBANK1                          6D1      6D1       10      C46       0
                idataBANK0                          581      581       2D        8       0
                idataCOMMON                         6F7      6F7        1      C46       0

TOTAL           Name                               Link     Load   Length     Space
        CLASS   STACK          

        CLASS   CODE           
                end_init                             10       10        3         0
                cinit                                13       13       2B         0
                intentry                              4        4        C         0
                reset_vec                             0        0        3         0
                text21                              409      409       59         0
                text20                              5D5      5D5       24         0
                text19                              6EE      6EE        9         0
                text18                              28E      28E       64         0
                text17                              5AE      5AE       27         0
                text16                              500      500       45         0
                text15                              643      643       1E         0
                text14                              225      225       69         0
                text13                              355      355       5B         0
                text12                              133      133       F2         0
                text11                              623      623       20         0
                text10                              661      661       1C         0
                text9                               6E1      6E1        D         0
                text8                               2F2      2F2       63         0
                text7                               4BA      4BA       46         0
                text6                               462      462       58         0
                text5                               3B0      3B0       59         0
                text4                               6C0      6C0       11         0
                text3                               696      696       17         0
                text2                               67D      67D       19         0
                text1                               545      545       3C         0
                maintext                             3E       3E       F5         0
                inittext                            6AD      6AD       13         0
                idataBANK1                          6D1      6D1       10         0
                idataBANK0                          581      581       2D         0
                idataCOMMON                         6F7      6F7        1         0

        CLASS   STRCODE        

        CLASS   STRING         
                strings                             600      600       23         0

        CLASS   CONST          

        CLASS   ENTRY          

        CLASS   COMMON         
                cstackCOMMON                         70       70        9         1
                dataCOMMON                           79       79        1         1

        CLASS   BANK0          
                cstackBANK0                          4D       4D       1B         1
                dataBANK0                            20       20       2D         1
                bssBANK0                             68       68        6         1

        CLASS   BANK1          
                dataBANK1                            A0       A0       10         1

        CLASS   BANK2          

        CLASS   BANK3          

        CLASS   RAM            

        CLASS   ABS1           
                abs_s1                               7E       7E        2         1

        CLASS   SFR0           

        CLASS   SFR1           

        CLASS   SFR2           

        CLASS   SFR3           

        CLASS   CONFIG         
                config                             2007     2007        1         4

        CLASS   IDLOC          

        CLASS   EEDATA         



SEGMENTS        Name                           Load    Length   Top    Selector   Space  Class     Delta

                reset_vec                      000000  000003  000003         0       0  CODE        2
                intentry                       000004  0005F5  0005F9         8       0  CODE        2
                dataBANK0                      000020  00004E  00006E        20       1  BANK0       1
                cstackCOMMON                   000070  00000A  00007A        70       1  COMMON      1
                dataBANK1                      0000A0  000010  0000B0        A0       1  BANK1       1
                strings                        000600  000023  000623       C00       0  STRING      2
                text11                         000623  0000D5  0006F8       C46       0  CODE        2


UNUSED ADDRESS RANGES

        Name                Unused          Largest block    Delta
        BANK0            006E-006F              2           1
        BANK1            00B0-00EF             40           1
        BANK2            0110-016F             60           1
        BANK3            0190-01EF             60           1
        CODE             0003-0003              1           2
                         05F9-05FF              7
                         06F8-1FFF            800
        COMMON           007A-007D              4           1
        CONST            0003-0003              1           2
                         05F9-05FF              7
                         06F8-1FFF            100
        EEDATA           2100-21FF            100           2
        ENTRY            0003-0003              1           2
                         05F9-05FF              7
                         06F8-1FFF            100
        IDLOC            2000-2003              4           2
        RAM              006E-006F              2           1
                         00B0-00EF             40
                         0110-016F             60
                         0190-01EF             60
        SFR0             0000-001F             20           1
        SFR1             0080-009F             20           1
        SFR2             0100-010F             10           1
        SFR3             0180-018F             10           1
        STACK            0110-016F             60           1
        STRCODE          0003-0003              1           2
                         05F9-05FF              7
                         06F8-1FFF           1908
        STRING           0003-0003              1           2
                         05F9-05FF              7
                         06F8-1FFF            100

                                  Symbol Table

?_ADC_Read                  cstackBANK0  004D
?___awdiv                   cstackBANK0  0053
?___awmod                   cstackBANK0  004D
?i1___awmod                 cstackCOMMON 0070
ADC_Read@ADC_channel        cstackBANK0  004D
ADC_Read@result             cstackBANK0  0051
DhtReadData@data            cstackBANK0  0050
DhtReadData@i               cstackBANK0  004F
Lcd_Cmd@a                   cstackBANK0  0050
Lcd_Print_Char@Lower_Nibble cstackBANK0  004F
Lcd_Print_Char@Upper_Nibble cstackBANK0  0050
Lcd_Print_Char@data         cstackBANK0  0051
Lcd_Print_Char@i            cstackBANK0  0052
Lcd_Print_Char@i_90         cstackBANK0  0054
Lcd_Print_String@a          cstackBANK0  0056
Lcd_Print_String@i          cstackBANK0  005B
Lcd_SetBit@data_bit         cstackBANK0  004D
Lcd_Set_Cursor@a            cstackBANK0  0053
Lcd_Set_Cursor@b            cstackBANK0  0051
Lcd_Set_Cursor@temp         cstackBANK0  0056
Lcd_Set_Cursor@y            cstackBANK0  0055
Lcd_Set_Cursor@z            cstackBANK0  0054
_ADCON0                     (abs)        001F
_ADCON1                     (abs)        009F
_ADC_Init                   text19       06EE
_ADC_Read                   text18       028E
_ADRESH                     (abs)        001E
_ADRESL                     (abs)        009E
_CCP1M2                     (abs)        00BA
_CCP1M3                     (abs)        00BB
_CCP1X                      (abs)        00BD
_CCP1Y                      (abs)        00BC
_CCPR1L                     (abs)        0015
_CHS0                       (abs)        00FB
_CHS1                       (abs)        00FC
_CHS2                       (abs)        00FD
_DhtCheckResponse           text17       05AE
_DhtReadData                text16       0500
_DhtStartSignal             text15       0643
_DhtUpdateData              text12       0133
_GIE                        (abs)        005F
_GO_DONE                    (abs)        00FA
_INTE                       (abs)        005C
_INTEDG                     (abs)        040E
_INTF                       (abs)        0059
_ISR                        text20       05D5
_Lcd_Clear                  text9        06E1
_Lcd_Cmd                    text10       0661
_Lcd_Print_Char             text8        02F2
_Lcd_Print_String           text7        04BA
_Lcd_SetBit                 text11       0623
_Lcd_Set_Cursor             text6        0462
_Lcd_Start                  text5        03B0
_PR2                        (abs)        0092
_RB4                        (abs)        0034
_RD1                        (abs)        0041
_RD2                        (abs)        0042
_RD3                        (abs)        0043
_RD4                        (abs)        0044
_RD5                        (abs)        0045
_RD6                        (abs)        0046
_RD7                        (abs)        0047
_T2CKPS0                    (abs)        0090
_T2CKPS1                    (abs)        0091
_TMR2ON                     (abs)        0092
_TRISB4                     (abs)        0434
_TRISC2                     (abs)        043A
_TRISD                      (abs)        0088
__Habs1                     abs1         0000
__Hbank0                    bank0        0000
__Hbank1                    bank1        0000
__Hbank2                    bank2        0000
__Hbank3                    bank3        0000
__HbssBANK0                 bssBANK0     0000
__Hcinit                    cinit        003E
__Hclrtext                  clrtext      0000
__Hcode                     code         0000
__Hcommon                   common       0000
__Hconfig                   config       2008
__HcstackBANK0              cstackBANK0  0000
__HcstackCOMMON             cstackCOMMON 0000
__HdataBANK0                dataBANK0    0000
__HdataBANK1                dataBANK1    0000
__HdataCOMMON               dataCOMMON   0000
__Heeprom_data              eeprom_data  0000
__Hend_init                 end_init     0013
__Hfunctab                  functab      0000
__HidataBANK0               idataBANK0   0000
__HidataBANK1               idataBANK1   0000
__HidataCOMMON              idataCOMMON  0000
__Hinit                     init         0010
__Hinittext                 inittext     0000
__Hintentry                 intentry     0010
__Hmaintext                 maintext     0000
__Hpowerup                  powerup      0000
__Hram                      ram          0000
__Hreset_vec                reset_vec    0003
__Hsfr0                     sfr0         0000
__Hsfr1                     sfr1         0000
__Hsfr2                     sfr2         0000
__Hsfr3                     sfr3         0000
__Hspace_0                  (abs)        06F8
__Hspace_1                  (abs)        00B0
__Hspace_2                  (abs)        0000
__Hspace_3                  (abs)        0000
__Hspace_4                  (abs)        400F
__Hstack                    stack        0000
__Hstrings                  strings      0000
__Htext                     text         0000
__Labs1                     abs1         0000
__Lbank0                    bank0        0000
__Lbank1                    bank1        0000
__Lbank2                    bank2        0000
__Lbank3                    bank3        0000
__LbssBANK0                 bssBANK0     0000
__Lcinit                    cinit        0013
__Lclrtext                  clrtext      0000
__Lcode                     code         0000
__Lcommon                   common       0000
__Lconfig                   config       0000
__LcstackBANK0              cstackBANK0  0000
__LcstackCOMMON             cstackCOMMON 0000
__LdataBANK0                dataBANK0    0000
__LdataBANK1                dataBANK1    0000
__LdataCOMMON               dataCOMMON   0000
__Leeprom_data              eeprom_data  0000
__Lend_init                 end_init     0010
__Lfunctab                  functab      0000
__LidataBANK0               idataBANK0   0000
__LidataBANK1               idataBANK1   0000
__LidataCOMMON              idataCOMMON  0000
__Linit                     init         0010
__Linittext                 inittext     0000
__Lintentry                 intentry     0004
__Lmaintext                 maintext     0000
__Lpowerup                  powerup      0000
__Lram                      ram          0000
__Lreset_vec                reset_vec    0000
__Lsfr0                     sfr0         0000
__Lsfr1                     sfr1         0000
__Lsfr2                     sfr2         0000
__Lsfr3                     sfr3         0000
__Lspace_0                  (abs)        0000
__Lspace_1                  (abs)        0000
__Lspace_2                  (abs)        0000
__Lspace_3                  (abs)        0000
__Lspace_4                  (abs)        0000
__Lstack                    stack        0000
__Lstrings                  strings      0000
__Ltext                     text         0000
__S0                        (abs)        06F8
__S1                        (abs)        00B0
__S2                        (abs)        0000
__S3                        (abs)        0000
___awdiv                    text14       0225
___awdiv@counter            cstackBANK0  0057
___awdiv@dividend           cstackBANK0  0055
___awdiv@divisor            cstackBANK0  0053
___awdiv@quotient           cstackBANK0  0059
___awdiv@sign               cstackBANK0  0058
___awmod                    text13       0355
___awmod@counter            cstackBANK0  0051
___awmod@dividend           cstackBANK0  004F
___awmod@divisor            cstackBANK0  004D
___awmod@sign               cstackBANK0  0052
___bmul                     text3        0696
___bmul@multiplicand        cstackBANK0  004D
___bmul@multiplier          cstackBANK0  004F
___bmul@product             cstackBANK0  004E
___int_sp                   stack        0000
___latbits                  (abs)        0002
___sp                       stack        0000
___stackhi                  (abs)        0000
___stacklo                  (abs)        0000
__end_of_ADC_Init           text19       06F7
__end_of_ADC_Read           text18       02F2
__end_of_DhtCheckResponse   text17       05D5
__end_of_DhtReadData        text16       0545
__end_of_DhtStartSignal     text15       0661
__end_of_DhtUpdateData      text12       0225
__end_of_ISR                text20       05F9
__end_of_Lcd_Clear          text9        06EE
__end_of_Lcd_Cmd            text10       067D
__end_of_Lcd_Print_Char     text8        0355
__end_of_Lcd_Print_String   text7        0500
__end_of_Lcd_SetBit         text11       0643
__end_of_Lcd_Set_Cursor     text6        04BA
__end_of_Lcd_Start          text5        0409
__end_of___awdiv            text14       028E
__end_of___awmod            text13       03B0
__end_of___bmul             text3        06AD
__end_of__initialization    cinit        003A
__end_of__stringtab         strings      0610
__end_of_configPWM          text4        06D1
__end_of_main               maintext     0133
__end_of_setPWM             text2        0696
__end_of_setPumpValue       text1        0581
__end_ofi1___awmod          text21       0462
__initialization            cinit        0013
__pbssBANK0                 bssBANK0     0068
__pcstackBANK0              cstackBANK0  004D
__pcstackCOMMON             cstackCOMMON 0070
__pdataBANK0                dataBANK0    0020
__pdataBANK1                dataBANK1    00A0
__pdataCOMMON               dataCOMMON   0079
__pidataBANK0               idataBANK0   0581
__pidataBANK1               idataBANK1   06D1
__pidataCOMMON              idataCOMMON  06F7
__pintentry                 intentry     0004
__pmaintext                 maintext     003E
__pstrings                  strings      0600
__ptext1                    text1        0545
__ptext10                   text10       0661
__ptext11                   text11       0623
__ptext12                   text12       0133
__ptext13                   text13       0355
__ptext14                   text14       0225
__ptext15                   text15       0643
__ptext16                   text16       0500
__ptext17                   text17       05AE
__ptext18                   text18       028E
__ptext19                   text19       06EE
__ptext2                    text2        067D
__ptext20                   text20       05D5
__ptext21                   text21       0409
__ptext3                    text3        0696
__ptext4                    text4        06C0
__ptext5                    text5        03B0
__ptext6                    text6        0462
__ptext7                    text7        04BA
__ptext8                    text8        02F2
__ptext9                    text9        06E1
__size_of_ADC_Init          (abs)        0000
__size_of_ADC_Read          (abs)        0000
__size_of_DhtCheckResponse  (abs)        0000
__size_of_DhtReadData       (abs)        0000
__size_of_DhtStartSignal    (abs)        0000
__size_of_DhtUpdateData     (abs)        0000
__size_of_ISR               (abs)        0000
__size_of_Lcd_Clear         (abs)        0000
__size_of_Lcd_Cmd           (abs)        0000
__size_of_Lcd_Print_Char    (abs)        0000
__size_of_Lcd_Print_String  (abs)        0000
__size_of_Lcd_SetBit        (abs)        0000
__size_of_Lcd_Set_Cursor    (abs)        0000
__size_of_Lcd_Start         (abs)        0000
__size_of___awdiv           (abs)        0000
__size_of___awmod           (abs)        0000
__size_of___bmul            (abs)        0000
__size_of_configPWM         (abs)        0000
__size_of_main              (abs)        0000
__size_of_setPWM            (abs)        0000
__size_of_setPumpValue      (abs)        0000
__size_ofi1___awmod         (abs)        0000
__stringbase                strings      060F
__stringtab                 strings      0600
_check_sum                  bssBANK0     0069
_configPWM                  text4        06C0
_humi                       dataBANK0    0031
_idea_humi                  dataBANK1    00A0
_idea_temp                  dataBANK0    0021
_main                       maintext     003E
_rh_byte1                   bssBANK0     006B
_rh_byte2                   bssBANK0     006A
_setPWM                     text2        067D
_setPumpValue               text1        0545
_status                     bssBANK0     0068
_t_byte1                    bssBANK0     006D
_t_byte2                    bssBANK0     006C
_temp                       dataBANK0    003F
btemp                       (abs)        007E
end_of_initialization       cinit        003A
i1___awmod                  text21       0409
i1___awmod@counter          cstackCOMMON 0074
i1___awmod@dividend         cstackCOMMON 0072
i1___awmod@divisor          cstackCOMMON 0070
i1___awmod@sign             cstackCOMMON 0075
init_fetch0                 inittext     06AD
init_ram0                   inittext     06B1
interrupt_function          intentry     0004
intlevel0                   functab      0000
intlevel1                   functab      0000
intlevel2                   functab      0000
intlevel3                   functab      0000
intlevel4                   functab      0000
intlevel5                   functab      0000
reset_vec                   reset_vec    0000
saved_w                     (abs)        007E
setPWM@DC                   cstackBANK0  004E
setPumpValue@delta          cstackBANK0  0052
setPumpValue@id_rh          cstackBANK0  0050
setPumpValue@r_rh           cstackBANK0  0051
start                       init         0010
start_initialization        cinit        0013
wtemp0                      (abs)        007E


FUNCTION INFORMATION:

 *************** function _main *****************
 Defined at:
		line 28 in file "main.c"
 Parameters:    Size  Location     Type
		None
 Auto vars:     Size  Location     Type
		None
 Return value:  Size  Location     Type
                  2  189[None  ] int 
 Registers used:
		wreg, fsr0l, fsr0h, status,2, status,0, btemp+1, pclath, cstack
 Tracked objects:
		On entry : 
		On exit  : 
		Unchanged: 
 Data sizes:     COMMON   BANK0   BANK1   BANK3   BANK2
      Params:         0       0       0       0       0
      Locals:         0       0       0       0       0
      Temps:          0       3       0       0       0
      Totals:         0       3       0       0       0
Total ram usage:        3 bytes
 Hardware stack levels required when called:    5
 This function calls:
		_ADC_Init
		_ADC_Read
		_DhtUpdateData
		_Lcd_Clear
		_Lcd_Print_String
		_Lcd_Set_Cursor
		_Lcd_Start
		___awdiv
		_configPWM
		_setPWM
		_setPumpValue
 This function is called by:
		Startup code after reset
 This function uses a non-reentrant model


 *************** function _setPumpValue *****************
 Defined at:
		line 94 in file "main.c"
 Parameters:    Size  Location     Type
  r_rh            1    wreg     unsigned char 
  id_rh           1    3[BANK0 ] unsigned char 
 Auto vars:     Size  Location     Type
  r_rh            1    4[BANK0 ] unsigned char 
  delta           1    5[BANK0 ] unsigned char 
 Return value:  Size  Location     Type
                  1    wreg      void 
 Registers used:
		wreg, status,2, status,0, btemp+1, pclath, cstack
 Tracked objects:
		On entry : 
		On exit  : 
		Unchanged: 
 Data sizes:     COMMON   BANK0   BANK1   BANK3   BANK2
      Params:         0       1       0       0       0
      Locals:         0       2       0       0       0
      Temps:          0       0       0       0       0
      Totals:         0       3       0       0       0
Total ram usage:        3 bytes
 Hardware stack levels used:    1
 Hardware stack levels required when called:    3
 This function calls:
		___bmul
		_setPWM
 This function is called by:
		_main
 This function uses a non-reentrant model


 *************** function _setPWM *****************
 Defined at:
		line 33 in file "./pwm.h"
 Parameters:    Size  Location     Type
  DC              1    wreg     unsigned char 
 Auto vars:     Size  Location     Type
  DC              1    1[BANK0 ] unsigned char 
 Return value:  Size  Location     Type
                  1    wreg      void 
 Registers used:
		wreg, status,2, status,0
 Tracked objects:
		On entry : 
		On exit  : 
		Unchanged: 
 Data sizes:     COMMON   BANK0   BANK1   BANK3   BANK2
      Params:         0       0       0       0       0
      Locals:         0       1       0       0       0
      Temps:          0       1       0       0       0
      Totals:         0       2       0       0       0
Total ram usage:        2 bytes
 Hardware stack levels used:    1
 Hardware stack levels required when called:    2
 This function calls:
		Nothing
 This function is called by:
		_main
		_setPumpValue
 This function uses a non-reentrant model


 *************** function ___bmul *****************
 Defined at:
		line 4 in file "C:\Program Files\Microchip\xc8\v2.20\pic\sources\c90\common\Umul8.c"
 Parameters:    Size  Location     Type
  multiplier      1    wreg     unsigned char 
  multiplicand    1    0[BANK0 ] unsigned char 
 Auto vars:     Size  Location     Type
  multiplier      1    2[BANK0 ] unsigned char 
  product         1    1[BANK0 ] unsigned char 
 Return value:  Size  Location     Type
                  1    wreg      unsigned char 
 Registers used:
		wreg, status,2, status,0, btemp+1
 Tracked objects:
		On entry : 
		On exit  : 
		Unchanged: 
 Data sizes:     COMMON   BANK0   BANK1   BANK3   BANK2
      Params:         0       1       0       0       0
      Locals:         0       2       0       0       0
      Temps:          0       0       0       0       0
      Totals:         0       3       0       0       0
Total ram usage:        3 bytes
 Hardware stack levels used:    1
 Hardware stack levels required when called:    2
 This function calls:
		Nothing
 This function is called by:
		_setPumpValue
 This function uses a non-reentrant model


 *************** function _configPWM *****************
 Defined at:
		line 17 in file "./pwm.h"
 Parameters:    Size  Location     Type
		None
 Auto vars:     Size  Location     Type
		None
 Return value:  Size  Location     Type
                  1    wreg      void 
 Registers used:
		wreg
 Tracked objects:
		On entry : 
		On exit  : 
		Unchanged: 
 Data sizes:     COMMON   BANK0   BANK1   BANK3   BANK2
      Params:         0       0       0       0       0
      Locals:         0       0       0       0       0
      Temps:          0       0       0       0       0
      Totals:         0       0       0       0       0
Total ram usage:        0 bytes
 Hardware stack levels used:    1
 Hardware stack levels required when called:    2
 This function calls:
		Nothing
 This function is called by:
		_main
 This function uses a non-reentrant model


 *************** function _Lcd_Start *****************
 Defined at:
		line 85 in file "./lcd.h"
 Parameters:    Size  Location     Type
		None
 Auto vars:     Size  Location     Type
  i               2    0        int 
 Return value:  Size  Location     Type
                  1    wreg      void 
 Registers used:
		wreg, status,2, status,0, pclath, cstack
 Tracked objects:
		On entry : 
		On exit  : 
		Unchanged: 
 Data sizes:     COMMON   BANK0   BANK1   BANK3   BANK2
      Params:         0       0       0       0       0
      Locals:         0       2       0       0       0
      Temps:          0       2       0       0       0
      Totals:         0       4       0       0       0
Total ram usage:        4 bytes
 Hardware stack levels used:    1
 Hardware stack levels required when called:    4
 This function calls:
		_Lcd_Cmd
		_Lcd_SetBit
 This function is called by:
		_main
 This function uses a non-reentrant model


 *************** function _Lcd_Set_Cursor *****************
 Defined at:
		line 64 in file "./lcd.h"
 Parameters:    Size  Location     Type
  a               1    wreg     unsigned char 
  b               1    4[BANK0 ] unsigned char 
 Auto vars:     Size  Location     Type
  a               1    6[BANK0 ] unsigned char 
  temp            1    9[BANK0 ] unsigned char 
  y               1    8[BANK0 ] unsigned char 
  z               1    7[BANK0 ] unsigned char 
 Return value:  Size  Location     Type
                  1    wreg      void 
 Registers used:
		wreg, status,2, status,0, btemp+1, pclath, cstack
 Tracked objects:
		On entry : 
		On exit  : 
		Unchanged: 
 Data sizes:     COMMON   BANK0   BANK1   BANK3   BANK2
      Params:         0       1       0       0       0
      Locals:         0       4       0       0       0
      Temps:          0       1       0       0       0
      Totals:         0       6       0       0       0
Total ram usage:        6 bytes
 Hardware stack levels used:    1
 Hardware stack levels required when called:    4
 This function calls:
		_Lcd_Cmd
 This function is called by:
		_main
 This function uses a non-reentrant model


 *************** function _Lcd_Print_String *****************
 Defined at:
		line 119 in file "./lcd.h"
 Parameters:    Size  Location     Type
  a               2    9[BANK0 ] PTR unsigned char 
		 -> STR_2(13), idea_humi(16), idea_temp(16), STR_1(6), 
		 -> humi(14), temp(14), 
 Auto vars:     Size  Location     Type
  i               2   14[BANK0 ] int 
 Return value:  Size  Location     Type
                  1    wreg      void 
 Registers used:
		wreg, fsr0l, fsr0h, status,2, status,0, btemp+1, pclath, cstack
 Tracked objects:
		On entry : 
		On exit  : 
		Unchanged: 
 Data sizes:     COMMON   BANK0   BANK1   BANK3   BANK2
      Params:         0       2       0       0       0
      Locals:         0       2       0       0       0
      Temps:          0       3       0       0       0
      Totals:         0       7       0       0       0
Total ram usage:        7 bytes
 Hardware stack levels used:    1
 Hardware stack levels required when called:    4
 This function calls:
		_Lcd_Print_Char
 This function is called by:
		_main
 This function uses a non-reentrant model


 *************** function _Lcd_Print_Char *****************
 Defined at:
		line 103 in file "./lcd.h"
 Parameters:    Size  Location     Type
  data            1    wreg     unsigned char 
 Auto vars:     Size  Location     Type
  data            1    4[BANK0 ] unsigned char 
  i               2    7[BANK0 ] int 
  i               2    5[BANK0 ] int 
  Upper_Nibble    1    3[BANK0 ] unsigned char 
  Lower_Nibble    1    2[BANK0 ] unsigned char 
 Return value:  Size  Location     Type
                  1    wreg      void 
 Registers used:
		wreg, status,2, status,0, btemp+1, pclath, cstack
 Tracked objects:
		On entry : 
		On exit  : 
		Unchanged: 
 Data sizes:     COMMON   BANK0   BANK1   BANK3   BANK2
      Params:         0       0       0       0       0
      Locals:         0       7       0       0       0
      Temps:          0       1       0       0       0
      Totals:         0       8       0       0       0
Total ram usage:        8 bytes
 Hardware stack levels used:    1
 Hardware stack levels required when called:    3
 This function calls:
		_Lcd_SetBit
 This function is called by:
		_Lcd_Print_String
 This function uses a non-reentrant model


 *************** function _Lcd_Clear *****************
 Defined at:
		line 58 in file "./lcd.h"
 Parameters:    Size  Location     Type
		None
 Auto vars:     Size  Location     Type
		None
 Return value:  Size  Location     Type
                  1    wreg      void 
 Registers used:
		wreg, status,2, status,0, pclath, cstack
 Tracked objects:
		On entry : 
		On exit  : 
		Unchanged: 
 Data sizes:     COMMON   BANK0   BANK1   BANK3   BANK2
      Params:         0       0       0       0       0
      Locals:         0       0       0       0       0
      Temps:          0       0       0       0       0
      Totals:         0       0       0       0       0
Total ram usage:        0 bytes
 Hardware stack levels used:    1
 Hardware stack levels required when called:    4
 This function calls:
		_Lcd_Cmd
 This function is called by:
		_main
 This function uses a non-reentrant model


 *************** function _Lcd_Cmd *****************
 Defined at:
		line 49 in file "./lcd.h"
 Parameters:    Size  Location     Type
  a               1    wreg     unsigned char 
 Auto vars:     Size  Location     Type
  a               1    3[BANK0 ] unsigned char 
 Return value:  Size  Location     Type
                  1    wreg      void 
 Registers used:
		wreg, status,2, status,0, pclath, cstack
 Tracked objects:
		On entry : 
		On exit  : 
		Unchanged: 
 Data sizes:     COMMON   BANK0   BANK1   BANK3   BANK2
      Params:         0       0       0       0       0
      Locals:         0       1       0       0       0
      Temps:          0       2       0       0       0
      Totals:         0       3       0       0       0
Total ram usage:        3 bytes
 Hardware stack levels used:    1
 Hardware stack levels required when called:    3
 This function calls:
		_Lcd_SetBit
 This function is called by:
		_Lcd_Clear
		_Lcd_Set_Cursor
		_Lcd_Start
 This function uses a non-reentrant model


 *************** function _Lcd_SetBit *****************
 Defined at:
		line 26 in file "./lcd.h"
 Parameters:    Size  Location     Type
  data_bit        1    wreg     unsigned char 
 Auto vars:     Size  Location     Type
  data_bit        1    0[BANK0 ] unsigned char 
 Return value:  Size  Location     Type
                  1    wreg      void 
 Registers used:
		wreg
 Tracked objects:
		On entry : 
		On exit  : 
		Unchanged: 
 Data sizes:     COMMON   BANK0   BANK1   BANK3   BANK2
      Params:         0       0       0       0       0
      Locals:         0       1       0       0       0
      Temps:          0       0       0       0       0
      Totals:         0       1       0       0       0
Total ram usage:        1 bytes
 Hardware stack levels used:    1
 Hardware stack levels required when called:    2
 This function calls:
		Nothing
 This function is called by:
		_Lcd_Cmd
		_Lcd_Start
		_Lcd_Print_Char
 This function uses a non-reentrant model


 *************** function _DhtUpdateData *****************
 Defined at:
		line 67 in file "./dht11.h"
 Parameters:    Size  Location     Type
		None
 Auto vars:     Size  Location     Type
		None
 Return value:  Size  Location     Type
		None               void
 Registers used:
		wreg, status,2, status,0, btemp+1, pclath, cstack
 Tracked objects:
		On entry : 
		On exit  : 
		Unchanged: 
 Data sizes:     COMMON   BANK0   BANK1   BANK3   BANK2
      Params:         0       0       0       0       0
      Locals:         0       0       0       0       0
      Temps:          0      10       0       0       0
      Totals:         0      10       0       0       0
Total ram usage:       10 bytes
 Hardware stack levels used:    1
 Hardware stack levels required when called:    3
 This function calls:
		_DhtCheckResponse
		_DhtReadData
		_DhtStartSignal
		___awdiv
		___awmod
 This function is called by:
		_main
 This function uses a non-reentrant model


 *************** function ___awmod *****************
 Defined at:
		line 5 in file "C:\Program Files\Microchip\xc8\v2.20\pic\sources\c90\common\awmod.c"
 Parameters:    Size  Location     Type
  divisor         2    0[BANK0 ] int 
  dividend        2    2[BANK0 ] int 
 Auto vars:     Size  Location     Type
  sign            1    5[BANK0 ] unsigned char 
  counter         1    4[BANK0 ] unsigned char 
 Return value:  Size  Location     Type
                  2    0[BANK0 ] int 
 Registers used:
		wreg, status,2, status,0, btemp+1
 Tracked objects:
		On entry : 
		On exit  : 
		Unchanged: 
 Data sizes:     COMMON   BANK0   BANK1   BANK3   BANK2
      Params:         0       4       0       0       0
      Locals:         0       2       0       0       0
      Temps:          0       0       0       0       0
      Totals:         0       6       0       0       0
Total ram usage:        6 bytes
 Hardware stack levels used:    1
 Hardware stack levels required when called:    2
 This function calls:
		Nothing
 This function is called by:
		_DhtUpdateData
 This function uses a non-reentrant model


 *************** function ___awdiv *****************
 Defined at:
		line 5 in file "C:\Program Files\Microchip\xc8\v2.20\pic\sources\c90\common\awdiv.c"
 Parameters:    Size  Location     Type
  divisor         2    6[BANK0 ] int 
  dividend        2    8[BANK0 ] int 
 Auto vars:     Size  Location     Type
  quotient        2   12[BANK0 ] int 
  sign            1   11[BANK0 ] unsigned char 
  counter         1   10[BANK0 ] unsigned char 
 Return value:  Size  Location     Type
                  2    6[BANK0 ] int 
 Registers used:
		wreg, status,2, status,0, btemp+1
 Tracked objects:
		On entry : 
		On exit  : 
		Unchanged: 
 Data sizes:     COMMON   BANK0   BANK1   BANK3   BANK2
      Params:         0       4       0       0       0
      Locals:         0       4       0       0       0
      Temps:          0       0       0       0       0
      Totals:         0       8       0       0       0
Total ram usage:        8 bytes
 Hardware stack levels used:    1
 Hardware stack levels required when called:    2
 This function calls:
		Nothing
 This function is called by:
		_DhtUpdateData
		_main
 This function uses a non-reentrant model


 *************** function _DhtStartSignal *****************
 Defined at:
		line 30 in file "./dht11.h"
 Parameters:    Size  Location     Type
		None
 Auto vars:     Size  Location     Type
		None
 Return value:  Size  Location     Type
                  1    wreg      void 
 Registers used:
		wreg
 Tracked objects:
		On entry : 
		On exit  : 
		Unchanged: 
 Data sizes:     COMMON   BANK0   BANK1   BANK3   BANK2
      Params:         0       0       0       0       0
      Locals:         0       0       0       0       0
      Temps:          0       2       0       0       0
      Totals:         0       2       0       0       0
Total ram usage:        2 bytes
 Hardware stack levels used:    1
 Hardware stack levels required when called:    2
 This function calls:
		Nothing
 This function is called by:
		_DhtUpdateData
 This function uses a non-reentrant model


 *************** function _DhtReadData *****************
 Defined at:
		line 50 in file "./dht11.h"
 Parameters:    Size  Location     Type
		None
 Auto vars:     Size  Location     Type
  data            1    3[BANK0 ] unsigned char 
  i               1    2[BANK0 ] unsigned char 
 Return value:  Size  Location     Type
                  1    wreg      unsigned char 
 Registers used:
		wreg, status,2, status,0, btemp+1
 Tracked objects:
		On entry : 
		On exit  : 
		Unchanged: 
 Data sizes:     COMMON   BANK0   BANK1   BANK3   BANK2
      Params:         0       0       0       0       0
      Locals:         0       2       0       0       0
      Temps:          0       2       0       0       0
      Totals:         0       4       0       0       0
Total ram usage:        4 bytes
 Hardware stack levels used:    1
 Hardware stack levels required when called:    2
 This function calls:
		Nothing
 This function is called by:
		_DhtUpdateData
 This function uses a non-reentrant model


 *************** function _DhtCheckResponse *****************
 Defined at:
		line 42 in file "./dht11.h"
 Parameters:    Size  Location     Type
		None
 Auto vars:     Size  Location     Type
		None
 Return value:  Size  Location     Type
                  1    wreg      void 
 Registers used:
		wreg, status,0
 Tracked objects:
		On entry : 
		On exit  : 
		Unchanged: 
 Data sizes:     COMMON   BANK0   BANK1   BANK3   BANK2
      Params:         0       0       0       0       0
      Locals:         0       0       0       0       0
      Temps:          0       2       0       0       0
      Totals:         0       2       0       0       0
Total ram usage:        2 bytes
 Hardware stack levels used:    1
 Hardware stack levels required when called:    2
 This function calls:
		Nothing
 This function is called by:
		_DhtUpdateData
 This function uses a non-reentrant model


 *************** function _ADC_Read *****************
 Defined at:
		line 45 in file "./adc.h"
 Parameters:    Size  Location     Type
  ADC_channel     2    0[BANK0 ] int 
 Auto vars:     Size  Location     Type
  result          2    4[BANK0 ] int 
 Return value:  Size  Location     Type
                  2    0[BANK0 ] int 
 Registers used:
		wreg, status,2, btemp+1
 Tracked objects:
		On entry : 
		On exit  : 
		Unchanged: 
 Data sizes:     COMMON   BANK0   BANK1   BANK3   BANK2
      Params:         0       2       0       0       0
      Locals:         0       2       0       0       0
      Temps:          0       2       0       0       0
      Totals:         0       6       0       0       0
Total ram usage:        6 bytes
 Hardware stack levels used:    1
 Hardware stack levels required when called:    2
 This function calls:
		Nothing
 This function is called by:
		_main
 This function uses a non-reentrant model


 *************** function _ADC_Init *****************
 Defined at:
		line 24 in file "./adc.h"
 Parameters:    Size  Location     Type
		None
 Auto vars:     Size  Location     Type
		None
 Return value:  Size  Location     Type
                  1    wreg      void 
 Registers used:
		wreg
 Tracked objects:
		On entry : 
		On exit  : 
		Unchanged: 
 Data sizes:     COMMON   BANK0   BANK1   BANK3   BANK2
      Params:         0       0       0       0       0
      Locals:         0       0       0       0       0
      Temps:          0       0       0       0       0
      Totals:         0       0       0       0       0
Total ram usage:        0 bytes
 Hardware stack levels used:    1
 Hardware stack levels required when called:    2
 This function calls:
		Nothing
 This function is called by:
		_main
 This function uses a non-reentrant model


 *************** function _ISR *****************
 Defined at:
		line 84 in file "main.c"
 Parameters:    Size  Location     Type
		None
 Auto vars:     Size  Location     Type
		None
 Return value:  Size  Location     Type
                  1    wreg      void 
 Registers used:
		wreg, status,2, status,0, btemp+1, pclath, cstack
 Tracked objects:
		On entry : 
		On exit  : 
		Unchanged: 
 Data sizes:     COMMON   BANK0   BANK1   BANK3   BANK2
      Params:         0       0       0       0       0
      Locals:         0       0       0       0       0
      Temps:          3       0       0       0       0
      Totals:         3       0       0       0       0
Total ram usage:        3 bytes
 Hardware stack levels used:    1
 Hardware stack levels required when called:    1
 This function calls:
		i1___awmod
 This function is called by:
		Interrupt level 1
 This function uses a non-reentrant model


 *************** function i1___awmod *****************
 Defined at:
		line 5 in file "C:\Program Files\Microchip\xc8\v2.20\pic\sources\c90\common\awmod.c"
 Parameters:    Size  Location     Type
  divisor         2    0[COMMON] int 
  dividend        2    2[COMMON] int 
 Auto vars:     Size  Location     Type
  sign            1    5[COMMON] unsigned char 
  counter         1    4[COMMON] unsigned char 
 Return value:  Size  Location     Type
                  2    0[COMMON] int 
 Registers used:
		wreg, status,2, status,0, btemp+1
 Tracked objects:
		On entry : 
		On exit  : 
		Unchanged: 
 Data sizes:     COMMON   BANK0   BANK1   BANK3   BANK2
      Params:         4       0       0       0       0
      Locals:         2       0       0       0       0
      Temps:          0       0       0       0       0
      Totals:         6       0       0       0       0
Total ram usage:        6 bytes
 Hardware stack levels used:    1
 This function calls:
		Nothing
 This function is called by:
		_ISR
 This function uses a non-reentrant model



MODULE INFORMATION

Module		Function		Class		Link	Load	Size
./lcd.h
		_Lcd_Cmd       		CODE           	0661	0000	29
		_Lcd_SetBit    		CODE           	0623	0000	33
		_Lcd_Start     		CODE           	03B0	0000	90
		_Lcd_Set_Cursor		CODE           	0462	0000	89
		_Lcd_Clear     		CODE           	06E1	0000	14
		_Lcd_Print_String		CODE           	04BA	0000	71
		_Lcd_Print_Char		CODE           	02F2	0000	100

./lcd.h estimated size: 426

./dht11.h
		_DhtStartSignal		CODE           	0643	0000	31
		_DhtReadData   		CODE           	0500	0000	70
		_DhtCheckResponse		CODE           	05AE	0000	40
		_DhtUpdateData 		CODE           	0133	0000	243

./dht11.h estimated size: 384

C:\Program Files\Microchip\xc8\v2.20\pic\sources\c90\common\awmod.c
		___awmod       		CODE           	0355	0000	92

C:\Program Files\Microchip\xc8\v2.20\pic\sources\c90\common\awmod.c estimated size: 92

shared
		__stringtab    		STRING         	0600	0000	17
		__initialization		CODE           	0013	0000	40
		i1___awmod     		CODE           	0409	0000	90

shared estimated size: 147

C:\Program Files\Microchip\xc8\v2.20\pic\sources\c90\common\Umul8.c
		___bmul        		CODE           	0696	0000	24

C:\Program Files\Microchip\xc8\v2.20\pic\sources\c90\common\Umul8.c estimated size: 24

main.c
		_setPumpValue  		CODE           	0545	0000	61
		_ISR           		CODE           	05D5	0000	37
		_main          		CODE           	003E	0000	246

main.c estimated size: 344

./pwm.h
		_configPWM     		CODE           	06C0	0000	18
		_setPWM        		CODE           	067D	0000	26

./pwm.h estimated size: 44

C:\Program Files\Microchip\xc8\v2.20\pic\sources\c90\common\awdiv.c
		___awdiv       		CODE           	0225	0000	106

C:\Program Files\Microchip\xc8\v2.20\pic\sources\c90\common\awdiv.c estimated size: 106

./adc.h
		_ADC_Read      		CODE           	028E	0000	101
		_ADC_Init      		CODE           	06EE	0000	10

./adc.h estimated size: 111

